// Jest Snapshot v1, https://goo.gl/fbAQLP

exports[`Footer props: className = xxx 1`] = `
<div
  className="gu-footer xxx"
/>
`;

exports[`Footer props: style = {color: 'red'} 1`] = `
<div
  className="gu-footer "
  style={
    Object {
      "color": "red",
    }
  }
/>
`;
